<relatedInfo>
                <identifier type="Digital Object Identifier">10.4227/05/53B1F1C02C8E7</identifier>
            </relatedInfo>
            <rights>